src/screens/Chat.tsx(161,13): error TS2322: Type 'User | null' is not assignable to type 'string'.
  Type 'null' is not assignable to type 'string'.
src/screens/Chat.tsx(192,13): error TS2322: Type 'User | null' is not assignable to type 'string'.
  Type 'null' is not assignable to type 'string'.
